#
# A fatal error has been detected by the Java Runtime Environment:
#
#  EXCEPTION_ACCESS_VIOLATION (0xc0000005) at pc=0x00007ff89369b556, pid=17204, tid=17460
#
# JRE version: Java(TM) SE Runtime Environment (22.0.2+9) (build 22.0.2+9-70)
# Java VM: Java HotSpot(TM) 64-Bit Server VM (22.0.2+9-70, mixed mode, sharing, tiered, compressed oops, compressed class ptrs, g1 gc, windows-amd64)
# Problematic frame:
# V  [jvm.dll+0x3bb556]
#
# No core dump will be written. Minidumps are not enabled by default on client versions of Windows
#
# If you would like to submit a bug report, please visit:
#   https://bugreport.java.com/bugreport/crash.jsp
#

---------------  S U M M A R Y ------------

Command Line: --enable-native-access=ALL-UNNAMED -Dclassworlds.conf=C:\Users\HP\.m2\wrapper\dists\apache-maven-3.9.11\03d7e36a140982eea48e22c1dcac01d8862b2550b2939e09a0809bbc5182a5bc\bin\m2.conf -Dmaven.home=C:\Users\HP\.m2\wrapper\dists\apache-maven-3.9.11\03d7e36a140982eea48e22c1dcac01d8862b2550b2939e09a0809bbc5182a5bc -Dlibrary.jansi.path=C:\Users\HP\.m2\wrapper\dists\apache-maven-3.9.11\03d7e36a140982eea48e22c1dcac01d8862b2550b2939e09a0809bbc5182a5bc\lib\jansi-native -Dmaven.multiModuleProjectDirectory=E:\Pawpal\backend org.codehaus.plexus.classworlds.launcher.Launcher clean install

Host: 12th Gen Intel(R) Core(TM) i7-1255U, 12 cores, 15G,  Windows 11 , 64 bit Build 22621 (10.0.22621.5415)
Time: Mon Dec  1 01:41:06 2025 Bangladesh Standard Time elapsed time: 10.463757 seconds (0d 0h 0m 10s)

---------------  T H R E A D  ---------------

Current thread (0x000002172717bcc0):  JavaThread "C2 CompilerThread1" daemon [_thread_in_native, id=17460, stack(0x000000a5c4c00000,0x000000a5c4d00000) (1024K)]


Current CompileTask:
C2:10463 8064   !   4       org.codehaus.plexus.classworlds.realm.ClassRealm::loadClass (33 bytes)

Stack: [0x000000a5c4c00000,0x000000a5c4d00000],  sp=0x000000a5c4cfc580,  free space=1009k
Native frames: (J=compiled Java code, j=interpreted, Vv=VM code, C=native code)
V  [jvm.dll+0x3bb556]  (no source info available)
V  [jvm.dll+0x3bb6bb]  (no source info available)
V  [jvm.dll+0x3bac23]  (no source info available)
V  [jvm.dll+0x1df241]  (no source info available)
V  [jvm.dll+0x24793c]  (no source info available)
V  [jvm.dll+0x246e9f]  (no source info available)
V  [jvm.dll+0x1c4e80]  (no source info available)
V  [jvm.dll+0x2568f3]  (no source info available)
V  [jvm.dll+0x254baa]  (no source info available)
V  [jvm.dll+0x3f57a6]  (no source info available)
V  [jvm.dll+0x81dc0b]  (no source info available)
V  [jvm.dll+0x6e0d85]  (no source info available)
C  [ucrtbase.dll+0x29333]  (no source info available)
C  [KERNEL32.DLL+0x1259d]  (no source info available)
C  [ntdll.dll+0x5af78]  (no source info available)


siginfo: EXCEPTION_ACCESS_VIOLATION (0xc0000005), reading address 0x000002132cb124a0


Registers:
RAX=0x000002132cb124a0, RBX=0x000002172cb12490, RCX=0x0000000000000000, RDX=0x0000000000000010
RSP=0x000000a5c4cfc580, RBP=0x000000a5c4cfc7b0, RSI=0x000000000000023e, RDI=0x0000000000000010
R8 =0x0000000000000010, R9 =0x0000000000018000, R10=0x0000000000c00000, R11=0x0000000000000000
R12=0x0000021727fc4a10, R13=0x0000000000000003, R14=0x000000a5c4cfcb50, R15=0x0000000000000000
RIP=0x00007ff89369b556, EFLAGS=0x0000000000010246


Register to memory mapping:

RAX=0x000002132cb124a0 is an unknown value
RBX=0x000002172cb12490 points into unknown readable memory: 0x0000000000000000 | 00 00 00 00 00 00 00 00
RCX=0x0 is null
RDX=0x0000000000000010 is an unknown value
RSP=0x000000a5c4cfc580 is pointing into the stack for thread: 0x000002172717bcc0
RBP=0x000000a5c4cfc7b0 is pointing into the stack for thread: 0x000002172717bcc0
RSI=0x000000000000023e is an unknown value
RDI=0x0000000000000010 is an unknown value
R8 =0x0000000000000010 is an unknown value
R9 =0x0000000000018000 is an unknown value
R10=0x0000000000c00000 is an unknown value
R11=0x0 is null
R12=0x0000021727fc4a10 points into unknown readable memory: 0x00007ff893c95590 | 90 55 c9 93 f8 7f 00 00
R13=0x0000000000000003 is an unknown value
R14=0x000000a5c4cfcb50 is pointing into the stack for thread: 0x000002172717bcc0
R15=0x0 is null

Top of Stack: (sp=0x000000a5c4cfc580)
0x000000a5c4cfc580:   000002172cb12530 00007ff893f24a10
0x000000a5c4cfc590:   0000000000000212 0000000000000000
0x000000a5c4cfc5a0:   000002172d360b90 00007ff89369b6bb
0x000000a5c4cfc5b0:   000002172d378b30 0000000000000000
0x000000a5c4cfc5c0:   000000000000023e 000000000000068e
0x000000a5c4cfc5d0:   0000000000018000 0000000100000010
0x000000a5c4cfc5e0:   0000000300000001 000002172a9c5620
0x000000a5c4cfc5f0:   000002172bce3590 000002172bce3580
0x000000a5c4cfc600:   000000000000023e 000000a5c4cfcb50
0x000000a5c4cfc610:   000002172bce3580 00007ff89369ac23
0x000000a5c4cfc620:   0000021729f826a0 0000000000000000
0x000000a5c4cfc630:   0000000000000000 00007ff800000000
0x000000a5c4cfc640:   000002172ca50000 0000000000000000
0x000000a5c4cfc650:   000002172c8a92f0 00000000001f0c00
0x000000a5c4cfc660:   000002172c8ac778 00007ff893ce1170
0x000000a5c4cfc670:   0000000000000000 000000a5c4cfe030
0x000000a5c4cfc680:   0000000000000000 00007ff893ce1170
0x000000a5c4cfc690:   0000000000084700 00000217290200c0
0x000000a5c4cfc6a0:   00000217290200c0 0000000000000001
0x000000a5c4cfc6b0:   00000217290200d0 00000000000003d8
0x000000a5c4cfc6c0:   00000217290204a8 000000a5c4cfc7e0
0x000000a5c4cfc6d0:   000000a5c4cfcc30 00007ff8934bf241
0x000000a5c4cfc6e0:   000000a50000011d 0000021727fc4a10
0x000000a5c4cfc6f0:   000000a5c4cfcb50 00000217277e04b0
0x000000a5c4cfc700:   00007ff893cba100 0000000000000000
0x000000a5c4cfc710:   000000010000b807 00000217290200c0
0x000000a5c4cfc720:   000002172b38ea70 000002172b38f740
0x000000a5c4cfc730:   000002172b396a58 00000000001aeac8
0x000000a5c4cfc740:   00000217290200d0 000000000000000e
0x000000a5c4cfc750:   000000a5c4cf0000 0000000000000000
0x000000a5c4cfc760:   0000000000000000 0000000000009d00
0x000000a5c4cfc770:   000002172bbfc410 00007ff893ca9ea8 

Instructions: (pc=0x00007ff89369b556)
0x00007ff89369b456:   49 18 49 8b 41 20 48 2b c1 48 3b c7 72 0a 48 8d
0x00007ff89369b466:   04 39 49 89 41 18 eb 11 45 33 c0 48 8b d7 49 8b
0x00007ff89369b476:   c9 e8 f4 89 d0 ff 48 8b c8 4c 8b c7 48 89 4b 20
0x00007ff89369b486:   33 d2 e8 b5 b8 55 00 85 ed 74 7d 48 89 74 24 40
0x00007ff89369b496:   49 8b ff 49 8b f7 0f 1f 40 00 48 8b 4b 10 8b d5
0x00007ff89369b4a6:   48 03 ce e8 b2 51 00 00 48 8b 4b 20 48 81 c6 a0
0x00007ff89369b4b6:   00 00 00 66 0f 6f 05 7f 9e 5f 00 48 03 cf 48 81
0x00007ff89369b4c6:   c7 b0 00 00 00 44 89 b9 90 00 00 00 c7 81 94 00
0x00007ff89369b4d6:   00 00 0a 00 00 00 0f 11 41 38 0f 11 41 48 0f 11
0x00007ff89369b4e6:   41 58 0f 11 41 68 0f 11 41 78 66 48 0f d6 81 88
0x00007ff89369b4f6:   00 00 00 c7 81 98 00 00 00 c0 02 00 00 49 83 ee
0x00007ff89369b506:   01 75 97 48 8b 74 24 40 48 8b 5c 24 48 48 8b 6c
0x00007ff89369b516:   24 50 48 83 c4 20 41 5f 41 5e 5f c3 cc cc cc cc
0x00007ff89369b526:   cc cc cc cc cc cc cc cc cc cc 40 53 48 83 ec 20
0x00007ff89369b536:   48 8b d9 85 d2 75 08 32 c0 48 83 c4 20 5b c3 48
0x00007ff89369b546:   8b 43 08 8b ca 48 c1 e9 08 48 89 7c 24 30 8b fa
0x00007ff89369b556:   4c 8b 04 c8 48 8d 05 af 94 88 00 4c 3b c0 75 0b
0x00007ff89369b566:   48 8b cb e8 e2 4f 00 00 4c 8b c0 40 0f b6 cf ba
0x00007ff89369b576:   01 00 00 00 48 c1 ef 06 80 e1 3f 83 e7 03 48 d3
0x00007ff89369b586:   e2 49 8b 0c f8 48 8b c1 48 0b c2 49 89 04 f8 48
0x00007ff89369b596:   8b 7c 24 30 48 23 ca 75 02 ff 03 48 85 c9 0f 94
0x00007ff89369b5a6:   c0 48 83 c4 20 5b c3 cc cc cc 4c 8b dc 56 41 56
0x00007ff89369b5b6:   48 83 ec 58 41 83 38 00 4c 8b f1 8b f2 0f 84 5f
0x00007ff89369b5c6:   01 00 00 48 8b 41 70 41 8b 48 04 49 89 7b 18 48
0x00007ff89369b5d6:   69 fe b0 00 00 00 4d 89 7b e8 45 33 ff 48 03 78
0x00007ff89369b5e6:   20 49 8b 40 08 4d 89 7b b8 45 89 7b c0 49 c7 43
0x00007ff89369b5f6:   c4 04 00 00 00 89 4c 24 34 4d 89 7b d0 49 89 43
0x00007ff89369b606:   d8 4d 89 43 e0 85 c9 0f 84 08 01 00 00 49 8d 4b
0x00007ff89369b616:   b8 e8 74 4d 00 00 44 8b c0 85 c0 0f 84 f4 00 00
0x00007ff89369b626:   00 4c 8b 4c 24 20 48 89 5c 24 70 48 89 6c 24 78
0x00007ff89369b636:   49 8b 6e 70 4d 8b d7 41 8b c0 48 69 d8 b0 00 00
0x00007ff89369b646:   00 48 03 5d 20 44 8b 9b 94 00 00 00 44 39 9f 94 


Stack slot to memory mapping:

stack at sp + 0 slots: 0x000002172cb12530 points into unknown readable memory: 0x000000030000001f | 1f 00 00 00 03 00 00 00
stack at sp + 1 slots: 0x00007ff893f24a10 jvm.dll
stack at sp + 2 slots: 0x0000000000000212 is an unknown value
stack at sp + 3 slots: 0x0 is null
stack at sp + 4 slots: 0x000002172d360b90 points into unknown readable memory: 0x0000000000000000 | 00 00 00 00 00 00 00 00
stack at sp + 5 slots: 0x00007ff89369b6bb jvm.dll
stack at sp + 6 slots: 0x000002172d378b30 points into unknown readable memory: 0x0000000000000000 | 00 00 00 00 00 00 00 00
stack at sp + 7 slots: 0x0 is null


---------------  P R O C E S S  ---------------

Threads class SMR info:
_java_thread_list=0x0000021729e78dc0, length=14, elements={
0x00000216c228f400, 0x00000216e15ff170, 0x00000216e1600090, 0x00000216e1605d10,
0x00000216e1609320, 0x00000216e1629ff0, 0x00000216e162b610, 0x00000216e162c600,
0x00000216e16339b0, 0x00000216e18d2a30, 0x00000216e18d58c0, 0x0000021727e6b080,
0x000002172717bcc0, 0x000002172717c390
}

Java Threads: ( => current thread )
  0x00000216c228f400 JavaThread "main"                              [_thread_in_native, id=15268, stack(0x000000a5c3a00000,0x000000a5c3b00000) (1024K)]
  0x00000216e15ff170 JavaThread "Reference Handler"          daemon [_thread_blocked, id=15964, stack(0x000000a5c4200000,0x000000a5c4300000) (1024K)]
  0x00000216e1600090 JavaThread "Finalizer"                  daemon [_thread_blocked, id=14112, stack(0x000000a5c4300000,0x000000a5c4400000) (1024K)]
  0x00000216e1605d10 JavaThread "Signal Dispatcher"          daemon [_thread_blocked, id=8444, stack(0x000000a5c4400000,0x000000a5c4500000) (1024K)]
  0x00000216e1609320 JavaThread "Attach Listener"            daemon [_thread_blocked, id=14724, stack(0x000000a5c4500000,0x000000a5c4600000) (1024K)]
  0x00000216e1629ff0 JavaThread "Service Thread"             daemon [_thread_blocked, id=1028, stack(0x000000a5c4600000,0x000000a5c4700000) (1024K)]
  0x00000216e162b610 JavaThread "Monitor Deflation Thread"   daemon [_thread_blocked, id=17952, stack(0x000000a5c4700000,0x000000a5c4800000) (1024K)]
  0x00000216e162c600 JavaThread "C2 CompilerThread0"         daemon [_thread_in_native, id=19484, stack(0x000000a5c4800000,0x000000a5c4900000) (1024K)]
  0x00000216e16339b0 JavaThread "C1 CompilerThread0"         daemon [_thread_blocked, id=20244, stack(0x000000a5c4900000,0x000000a5c4a00000) (1024K)]
  0x00000216e18d2a30 JavaThread "Notification Thread"        daemon [_thread_blocked, id=4520, stack(0x000000a5c4a00000,0x000000a5c4b00000) (1024K)]
  0x00000216e18d58c0 JavaThread "Common-Cleaner"             daemon [_thread_blocked, id=3076, stack(0x000000a5c4b00000,0x000000a5c4c00000) (1024K)]
  0x0000021727e6b080 JavaThread "Thread-1"                   daemon [_thread_blocked, id=19392, stack(0x000000a5c5700000,0x000000a5c5800000) (1024K)]
=>0x000002172717bcc0 JavaThread "C2 CompilerThread1"         daemon [_thread_in_native, id=17460, stack(0x000000a5c4c00000,0x000000a5c4d00000) (1024K)]
  0x000002172717c390 JavaThread "C2 CompilerThread2"         daemon [_thread_blocked, id=19676, stack(0x000000a5c4d00000,0x000000a5c4e00000) (1024K)]
Total: 14

Other Threads:
  0x00000216e15e46b0 VMThread "VM Thread"                           [id=16728, stack(0x000000a5c4100000,0x000000a5c4200000) (1024K)]
  0x00000216e15cada0 WatcherThread "VM Periodic Task Thread"        [id=9888, stack(0x000000a5c4000000,0x000000a5c4100000) (1024K)]
  0x00000216c22f72d0 WorkerThread "GC Thread#0"                     [id=7120, stack(0x000000a5c3b00000,0x000000a5c3c00000) (1024K)]
  0x00000216e15e37f0 WorkerThread "GC Thread#1"                     [id=17432, stack(0x000000a5c4e00000,0x000000a5c4f00000) (1024K)]
  0x00000216e15e3440 WorkerThread "GC Thread#2"                     [id=19416, stack(0x000000a5c4f00000,0x000000a5c5000000) (1024K)]
  0x00000216e15e3ba0 WorkerThread "GC Thread#3"                     [id=13544, stack(0x000000a5c5000000,0x000000a5c5100000) (1024K)]
  0x00000216e15e3090 WorkerThread "GC Thread#4"                     [id=18340, stack(0x000000a5c5100000,0x000000a5c5200000) (1024K)]
  0x00000216e15e3f50 WorkerThread "GC Thread#5"                     [id=9788, stack(0x000000a5c5200000,0x000000a5c5300000) (1024K)]
  0x00000216e15e4300 WorkerThread "GC Thread#6"                     [id=18188, stack(0x000000a5c5300000,0x000000a5c5400000) (1024K)]
  0x00000216e15e4a60 WorkerThread "GC Thread#7"                     [id=19092, stack(0x000000a5c5400000,0x000000a5c5500000) (1024K)]
  0x0000021727998650 WorkerThread "GC Thread#8"                     [id=18964, stack(0x000000a5c5500000,0x000000a5c5600000) (1024K)]
  0x0000021727997ef0 WorkerThread "GC Thread#9"                     [id=18588, stack(0x000000a5c5600000,0x000000a5c5700000) (1024K)]
  0x00000216c2307d10 ConcurrentGCThread "G1 Main Marker"            [id=18264, stack(0x000000a5c3c00000,0x000000a5c3d00000) (1024K)]
  0x00000216c23099e0 WorkerThread "G1 Conc#0"                       [id=19284, stack(0x000000a5c3d00000,0x000000a5c3e00000) (1024K)]
  0x000002172799a3d0 WorkerThread "G1 Conc#1"                       [id=19336, stack(0x000000a5c5800000,0x000000a5c5900000) (1024K)]
  0x0000021727999c70 WorkerThread "G1 Conc#2"                       [id=13084, stack(0x000000a5c5900000,0x000000a5c5a00000) (1024K)]
  0x00000216c234e520 ConcurrentGCThread "G1 Refine#0"               [id=10664, stack(0x000000a5c3e00000,0x000000a5c3f00000) (1024K)]
  0x00000216e14a1b30 ConcurrentGCThread "G1 Service"                [id=3412, stack(0x000000a5c3f00000,0x000000a5c4000000) (1024K)]
Total: 18

Threads with active compile tasks:
C2 CompilerThread0  10524 8065       4       org.codehaus.plexus.classworlds.realm.ClassRealm::loadClass (7 bytes)
C2 CompilerThread1  10524 8064   !   4       org.codehaus.plexus.classworlds.realm.ClassRealm::loadClass (33 bytes)
Total: 2

VM state: not at safepoint (normal execution)

VM Mutex/Monitor currently owned by a thread: None

Heap address: 0x0000000705a00000, size: 4006 MB, Compressed Oops mode: Zero based, Oop shift amount: 3

CDS archive(s) mapped at: [0x00000216e2000000-0x00000216e2c60000-0x00000216e2c60000), size 12976128, SharedBaseAddress: 0x00000216e2000000, ArchiveRelocationMode: 1.
Compressed class space mapped at: 0x00000216e3000000-0x0000021723000000, reserved size: 1073741824
Narrow klass base: 0x00000216e2000000, Narrow klass shift: 0, Narrow klass range: 0x41000000

GC Precious Log:
 CardTable entry size: 512
 Card Set container configuration: InlinePtr #cards 4 size 8 Array Of Cards #cards 16 size 48 Howl #buckets 8 coarsen threshold 3686 Howl Bitmap #cards 512 size 80 coarsen threshold 460 Card regions per heap region 1 cards per card region 4096
 CPUs: 12 total, 12 available
 Memory: 16016M
 Large Page Support: Disabled
 NUMA Support: Disabled
 Compressed Oops: Enabled (Zero based)
 Heap Region Size: 2M
 Heap Min Capacity: 8M
 Heap Initial Capacity: 252M
 Heap Max Capacity: 4006M
 Pre-touch: Disabled
 Parallel Workers: 10
 Concurrent Workers: 3
 Concurrent Refinement Workers: 10
 Periodic GC: Disabled

Heap:
 garbage-first heap   total reserved 4102144K, committed 155648K, used 83547K [0x0000000705a00000, 0x0000000800000000)
  region size 2048K, 5 young (10240K), 4 survivors (8192K)
 Metaspace       used 35376K, committed 35840K, reserved 1114112K
  class space    used 4200K, committed 4416K, reserved 1048576K

Heap Regions: E=young(eden), S=young(survivor), O=old, HS=humongous(starts), HC=humongous(continues), CS=collection set, F=free, TAMS=top-at-mark-start, PB=parsable bottom
|   0|0x0000000705a00000, 0x0000000705c00000, 0x0000000705c00000|100%| O|  |TAMS 0x0000000705a00000| PB 0x0000000705a00000| Untracked |  0
|   1|0x0000000705c00000, 0x0000000705e00000, 0x0000000705e00000|100%| O|  |TAMS 0x0000000705c00000| PB 0x0000000705c00000| Untracked |  0
|   2|0x0000000705e00000, 0x0000000706000000, 0x0000000706000000|100%|HS|  |TAMS 0x0000000705e00000| PB 0x0000000705e00000| Complete |  0
|   3|0x0000000706000000, 0x0000000706200000, 0x0000000706200000|100%|HS|  |TAMS 0x0000000706000000| PB 0x0000000706000000| Complete |  0
|   4|0x0000000706200000, 0x0000000706400000, 0x0000000706400000|100%| O|  |TAMS 0x0000000706200000| PB 0x0000000706200000| Untracked |  0
|   5|0x0000000706400000, 0x0000000706600000, 0x0000000706600000|100%| O|  |TAMS 0x0000000706400000| PB 0x0000000706400000| Untracked |  0
|   6|0x0000000706600000, 0x0000000706800000, 0x0000000706800000|100%| O|  |TAMS 0x0000000706600000| PB 0x0000000706600000| Untracked |  0
|   7|0x0000000706800000, 0x0000000706a00000, 0x0000000706a00000|100%| O|  |TAMS 0x0000000706800000| PB 0x0000000706800000| Untracked |  0
|   8|0x0000000706a00000, 0x0000000706c00000, 0x0000000706c00000|100%| O|  |TAMS 0x0000000706a00000| PB 0x0000000706a00000| Untracked |  0
|   9|0x0000000706c00000, 0x0000000706e00000, 0x0000000706e00000|100%| O|  |TAMS 0x0000000706c00000| PB 0x0000000706c00000| Untracked |  0
|  10|0x0000000706e00000, 0x0000000707000000, 0x0000000707000000|100%| O|  |TAMS 0x0000000706e00000| PB 0x0000000706e00000| Untracked |  0
|  11|0x0000000707000000, 0x0000000707200000, 0x0000000707200000|100%| O|  |TAMS 0x0000000707000000| PB 0x0000000707000000| Untracked |  0
|  12|0x0000000707200000, 0x0000000707400000, 0x0000000707400000|100%| O|  |TAMS 0x0000000707200000| PB 0x0000000707200000| Untracked |  0
|  13|0x0000000707400000, 0x0000000707600000, 0x0000000707600000|100%| O|  |TAMS 0x0000000707400000| PB 0x0000000707400000| Untracked |  0
|  14|0x0000000707600000, 0x0000000707800000, 0x0000000707800000|100%| O|  |TAMS 0x0000000707600000| PB 0x0000000707600000| Untracked |  0
|  15|0x0000000707800000, 0x0000000707a00000, 0x0000000707a00000|100%| O|  |TAMS 0x0000000707800000| PB 0x0000000707800000| Untracked |  0
|  16|0x0000000707a00000, 0x0000000707c00000, 0x0000000707c00000|100%| O|  |TAMS 0x0000000707a00000| PB 0x0000000707a00000| Untracked |  0
|  17|0x0000000707c00000, 0x0000000707e00000, 0x0000000707e00000|100%| O|  |TAMS 0x0000000707c00000| PB 0x0000000707c00000| Untracked |  0
|  18|0x0000000707e00000, 0x0000000708000000, 0x0000000708000000|100%| O|  |TAMS 0x0000000707e00000| PB 0x0000000707e00000| Untracked |  0
|  19|0x0000000708000000, 0x0000000708200000, 0x0000000708200000|100%| O|  |TAMS 0x0000000708000000| PB 0x0000000708000000| Untracked |  0
|  20|0x0000000708200000, 0x0000000708400000, 0x0000000708400000|100%| O|  |TAMS 0x0000000708200000| PB 0x0000000708200000| Untracked |  0
|  21|0x0000000708400000, 0x0000000708600000, 0x0000000708600000|100%| O|  |TAMS 0x0000000708400000| PB 0x0000000708400000| Untracked |  0
|  22|0x0000000708600000, 0x0000000708800000, 0x0000000708800000|100%| O|  |TAMS 0x0000000708600000| PB 0x0000000708600000| Untracked |  0
|  23|0x0000000708800000, 0x0000000708a00000, 0x0000000708a00000|100%| O|  |TAMS 0x0000000708800000| PB 0x0000000708800000| Untracked |  0
|  24|0x0000000708a00000, 0x0000000708a00000, 0x0000000708c00000|  0%| F|  |TAMS 0x0000000708a00000| PB 0x0000000708a00000| Untracked |  0
|  25|0x0000000708c00000, 0x0000000708c00000, 0x0000000708e00000|  0%| F|  |TAMS 0x0000000708c00000| PB 0x0000000708c00000| Untracked |  0
|  26|0x0000000708e00000, 0x0000000708e00000, 0x0000000709000000|  0%| F|  |TAMS 0x0000000708e00000| PB 0x0000000708e00000| Untracked |  0
|  27|0x0000000709000000, 0x0000000709000000, 0x0000000709200000|  0%| F|  |TAMS 0x0000000709000000| PB 0x0000000709000000| Untracked |  0
|  28|0x0000000709200000, 0x0000000709400000, 0x0000000709400000|100%| O|  |TAMS 0x0000000709200000| PB 0x0000000709200000| Untracked |  0
|  29|0x0000000709400000, 0x0000000709600000, 0x0000000709600000|100%| O|  |TAMS 0x0000000709400000| PB 0x0000000709400000| Untracked |  0
|  30|0x0000000709600000, 0x0000000709796e90, 0x0000000709800000| 79%| O|  |TAMS 0x0000000709600000| PB 0x0000000709600000| Untracked |  0
|  31|0x0000000709800000, 0x0000000709800000, 0x0000000709a00000|  0%| F|  |TAMS 0x0000000709800000| PB 0x0000000709800000| Untracked |  0
|  32|0x0000000709a00000, 0x0000000709a00000, 0x0000000709c00000|  0%| F|  |TAMS 0x0000000709a00000| PB 0x0000000709a00000| Untracked |  0
|  33|0x0000000709c00000, 0x0000000709c00000, 0x0000000709e00000|  0%| F|  |TAMS 0x0000000709c00000| PB 0x0000000709c00000| Untracked |  0
|  34|0x0000000709e00000, 0x000000070a000000, 0x000000070a000000|100%| S|CS|TAMS 0x0000000709e00000| PB 0x0000000709e00000| Complete |  0
|  35|0x000000070a000000, 0x000000070a200000, 0x000000070a200000|100%| S|CS|TAMS 0x000000070a000000| PB 0x000000070a000000| Complete |  0
|  36|0x000000070a200000, 0x000000070a400000, 0x000000070a400000|100%| S|CS|TAMS 0x000000070a200000| PB 0x000000070a200000| Complete |  0
|  37|0x000000070a400000, 0x000000070a600000, 0x000000070a600000|100%| S|CS|TAMS 0x000000070a400000| PB 0x000000070a400000| Complete |  0
|  38|0x000000070a600000, 0x000000070a600000, 0x000000070a800000|  0%| F|  |TAMS 0x000000070a600000| PB 0x000000070a600000| Untracked |  0
|  39|0x000000070a800000, 0x000000070a800000, 0x000000070aa00000|  0%| F|  |TAMS 0x000000070a800000| PB 0x000000070a800000| Untracked |  0
|  40|0x000000070aa00000, 0x000000070aa00000, 0x000000070ac00000|  0%| F|  |TAMS 0x000000070aa00000| PB 0x000000070aa00000| Untracked |  0
|  41|0x000000070ac00000, 0x000000070ac00000, 0x000000070ae00000|  0%| F|  |TAMS 0x000000070ac00000| PB 0x000000070ac00000| Untracked |  0
|  42|0x000000070ae00000, 0x000000070ae00000, 0x000000070b000000|  0%| F|  |TAMS 0x000000070ae00000| PB 0x000000070ae00000| Untracked |  0
|  43|0x000000070b000000, 0x000000070b000000, 0x000000070b200000|  0%| F|  |TAMS 0x000000070b000000| PB 0x000000070b000000| Untracked |  0
|  44|0x000000070b200000, 0x000000070b200000, 0x000000070b400000|  0%| F|  |TAMS 0x000000070b200000| PB 0x000000070b200000| Untracked |  0
|  45|0x000000070b400000, 0x000000070b400000, 0x000000070b600000|  0%| F|  |TAMS 0x000000070b400000| PB 0x000000070b400000| Untracked |  0
|  46|0x000000070b600000, 0x000000070b600000, 0x000000070b800000|  0%| F|  |TAMS 0x000000070b600000| PB 0x000000070b600000| Untracked |  0
|  47|0x000000070b800000, 0x000000070b800000, 0x000000070ba00000|  0%| F|  |TAMS 0x000000070b800000| PB 0x000000070b800000| Untracked |  0
|  48|0x000000070ba00000, 0x000000070ba00000, 0x000000070bc00000|  0%| F|  |TAMS 0x000000070ba00000| PB 0x000000070ba00000| Untracked |  0
|  49|0x000000070bc00000, 0x000000070bc00000, 0x000000070be00000|  0%| F|  |TAMS 0x000000070bc00000| PB 0x000000070bc00000| Untracked |  0
|  50|0x000000070be00000, 0x000000070be00000, 0x000000070c000000|  0%| F|  |TAMS 0x000000070be00000| PB 0x000000070be00000| Untracked |  0
|  51|0x000000070c000000, 0x000000070c000000, 0x000000070c200000|  0%| F|  |TAMS 0x000000070c000000| PB 0x000000070c000000| Untracked |  0
|  52|0x000000070c200000, 0x000000070c200000, 0x000000070c400000|  0%| F|  |TAMS 0x000000070c200000| PB 0x000000070c200000| Untracked |  0
|  53|0x000000070c400000, 0x000000070c400000, 0x000000070c600000|  0%| F|  |TAMS 0x000000070c400000| PB 0x000000070c400000| Untracked |  0
|  54|0x000000070c600000, 0x000000070c600000, 0x000000070c800000|  0%| F|  |TAMS 0x000000070c600000| PB 0x000000070c600000| Untracked |  0
|  55|0x000000070c800000, 0x000000070c800000, 0x000000070ca00000|  0%| F|  |TAMS 0x000000070c800000| PB 0x000000070c800000| Untracked |  0
|  56|0x000000070ca00000, 0x000000070ca00000, 0x000000070cc00000|  0%| F|  |TAMS 0x000000070ca00000| PB 0x000000070ca00000| Untracked |  0
|  57|0x000000070cc00000, 0x000000070cc00000, 0x000000070ce00000|  0%| F|  |TAMS 0x000000070cc00000| PB 0x000000070cc00000| Untracked |  0
|  58|0x000000070ce00000, 0x000000070ce00000, 0x000000070d000000|  0%| F|  |TAMS 0x000000070ce00000| PB 0x000000070ce00000| Untracked |  0
|  59|0x000000070d000000, 0x000000070d000000, 0x000000070d200000|  0%| F|  |TAMS 0x000000070d000000| PB 0x000000070d000000| Untracked |  0
|  60|0x000000070d200000, 0x000000070d200000, 0x000000070d400000|  0%| F|  |TAMS 0x000000070d200000| PB 0x000000070d200000| Untracked |  0
|  61|0x000000070d400000, 0x000000070d400000, 0x000000070d600000|  0%| F|  |TAMS 0x000000070d400000| PB 0x000000070d400000| Untracked |  0
|  62|0x000000070d600000, 0x000000070d600000, 0x000000070d800000|  0%| F|  |TAMS 0x000000070d600000| PB 0x000000070d600000| Untracked |  0
|  63|0x000000070d800000, 0x000000070d800000, 0x000000070da00000|  0%| F|  |TAMS 0x000000070d800000| PB 0x000000070d800000| Untracked |  0
|  64|0x000000070da00000, 0x000000070da00000, 0x000000070dc00000|  0%| F|  |TAMS 0x000000070da00000| PB 0x000000070da00000| Untracked |  0
| 125|0x0000000715400000, 0x00000007154d8ab0, 0x0000000715600000| 42%| E|  |TAMS 0x0000000715400000| PB 0x0000000715400000| Complete |  0
|1993|0x00000007fec00000, 0x00000007fee00000, 0x00000007fee00000|100%| O|  |TAMS 0x00000007fec00000| PB 0x00000007fec00000| Untracked |  0
|1994|0x00000007fee00000, 0x00000007ff000000, 0x00000007ff000000|100%| O|  |TAMS 0x00000007fee00000| PB 0x00000007fee00000| Untracked |  0
|1995|0x00000007ff000000, 0x00000007ff200000, 0x00000007ff200000|100%| O|  |TAMS 0x00000007ff000000| PB 0x00000007ff000000| Untracked |  0
|1996|0x00000007ff200000, 0x00000007ff400000, 0x00000007ff400000|100%| O|  |TAMS 0x00000007ff200000| PB 0x00000007ff200000| Untracked |  0
|1997|0x00000007ff400000, 0x00000007ff600000, 0x00000007ff600000|100%| O|  |TAMS 0x00000007ff400000| PB 0x00000007ff400000| Untracked |  0
|1998|0x00000007ff600000, 0x00000007ff800000, 0x00000007ff800000|100%| O|  |TAMS 0x00000007ff600000| PB 0x00000007ff600000| Untracked |  0
|1999|0x00000007ff800000, 0x00000007ffa00000, 0x00000007ffa00000|100%| O|  |TAMS 0x00000007ff800000| PB 0x00000007ff800000| Untracked |  0
|2000|0x00000007ffa00000, 0x00000007ffc00000, 0x00000007ffc00000|100%| O|  |TAMS 0x00000007ffa00000| PB 0x00000007ffa00000| Untracked |  0
|2001|0x00000007ffc00000, 0x00000007ffe00000, 0x00000007ffe00000|100%| O|  |TAMS 0x00000007ffc00000| PB 0x00000007ffc00000| Untracked |  0
|2002|0x00000007ffe00000, 0x0000000800000000, 0x0000000800000000|100%| O|  |TAMS 0x00000007ffe00000| PB 0x00000007ffe00000| Untracked |  0

Card table byte_map: [0x00000216da310000,0x00000216daaf0000] _byte_map_base: 0x00000216d6ae3000

Marking Bits: (CMBitMap*) 0x00000216c22f79e0
 Bits: [0x00000216daaf0000, 0x00000216de988000)

Polling page: 0x00000216c0010000

Metaspace:

Usage:
  Non-class:     30.45 MB used.
      Class:      4.10 MB used.
       Both:     34.55 MB used.

Virtual space:
  Non-class space:       64.00 MB reserved,      30.69 MB ( 48%) committed,  1 nodes.
      Class space:        1.00 GB reserved,       4.31 MB ( <1%) committed,  1 nodes.
             Both:        1.06 GB reserved,      35.00 MB (  3%) committed. 

Chunk freelists:
   Non-Class:  992.00 KB
       Class:  11.50 MB
        Both:  12.47 MB

MaxMetaspaceSize: unlimited
CompressedClassSpaceSize: 1.00 GB
Initial GC threshold: 21.00 MB
Current GC threshold: 35.56 MB
CDS: on
 - commit_granule_bytes: 65536.
 - commit_granule_words: 8192.
 - virtual_space_node_default_size: 8388608.
 - enlarge_chunks_in_place: 1.
 - use_allocation_guard: 0.


Internal statistics:

num_allocs_failed_limit: 3.
num_arena_births: 408.
num_arena_deaths: 0.
num_vsnodes_births: 2.
num_vsnodes_deaths: 0.
num_space_committed: 560.
num_space_uncommitted: 0.
num_chunks_returned_to_freelist: 3.
num_chunks_taken_from_freelist: 1663.
num_chunk_merges: 0.
num_chunk_splits: 1186.
num_chunks_enlarged: 945.
num_inconsistent_stats: 0.

CodeHeap 'non-profiled nmethods': size=120000Kb used=5293Kb max_used=5293Kb free=114706Kb
 bounds [0x00000216d20b0000, 0x00000216d25e0000, 0x00000216d95e0000]
CodeHeap 'profiled nmethods': size=120000Kb used=18193Kb max_used=18193Kb free=101807Kb
 bounds [0x00000216ca5e0000, 0x00000216cb7b0000, 0x00000216d1b10000]
CodeHeap 'non-nmethods': size=5760Kb used=1537Kb max_used=1582Kb free=4222Kb
 bounds [0x00000216d1b10000, 0x00000216d1d80000, 0x00000216d20b0000]
 total_blobs=8807 nmethods=8203 adapters=508
 compilation: enabled
              stopped_count=0, restarted_count=0
 full_count=0

Compilation events (20 events):
Event: 10.401 Thread 0x00000216e16339b0 8183       3       java.util.zip.ZipInputStream::readFully (44 bytes)
Event: 10.401 Thread 0x00000216e16339b0 nmethod 8183 0x00000216cb796890 code [0x00000216cb796a60, 0x00000216cb796e08]
Event: 10.403 Thread 0x00000216e16339b0 8184       3       java.util.zip.CRC32::reset (6 bytes)
Event: 10.403 Thread 0x00000216e16339b0 nmethod 8184 0x00000216cb796f90 code [0x00000216cb797120, 0x00000216cb797230]
Event: 10.408 Thread 0x00000216e16339b0 8185       3       java.util.zip.ZipInputStream::getNextEntry (74 bytes)
Event: 10.408 Thread 0x00000216e16339b0 nmethod 8185 0x00000216cb797290 code [0x00000216cb7974e0, 0x00000216cb797df0]
Event: 10.408 Thread 0x00000216e16339b0 8186   !   3       java.util.zip.ZipInputStream::readLOC (312 bytes)
Event: 10.409 Thread 0x00000216e16339b0 nmethod 8186 0x00000216cb798090 code [0x00000216cb7983c0, 0x00000216cb799628]
Event: 10.409 Thread 0x00000216e16339b0 8187       3       java.util.zip.ZipCoder::toStringUTF8 (10 bytes)
Event: 10.409 Thread 0x00000216e16339b0 nmethod 8187 0x00000216cb799d10 code [0x00000216cb799ec0, 0x00000216cb79a0c0]
Event: 10.409 Thread 0x00000216e16339b0 8188       3       java.util.jar.JarInputStream::getNextJarEntry (8 bytes)
Event: 10.409 Thread 0x00000216e16339b0 nmethod 8188 0x00000216cb79a210 code [0x00000216cb79a3c0, 0x00000216cb79a5e8]
Event: 10.409 Thread 0x00000216e16339b0 8189       3       java.util.jar.JarInputStream::getNextEntry (115 bytes)
Event: 10.410 Thread 0x00000216e16339b0 nmethod 8189 0x00000216cb79a690 code [0x00000216cb79a8a0, 0x00000216cb79af78]
Event: 10.416 Thread 0x00000216e16339b0 8190       3       java.nio.charset.CoderResult::isUnmappable (14 bytes)
Event: 10.416 Thread 0x00000216e16339b0 nmethod 8190 0x00000216cb79b110 code [0x00000216cb79b2a0, 0x00000216cb79b400]
Event: 10.418 Thread 0x00000216e16339b0 8191       3       org.apache.commons.compress.archivers.zip.ZipArchiveOutputStream::usesDataDescriptor (26 bytes)
Event: 10.418 Thread 0x00000216e16339b0 nmethod 8191 0x00000216cb79b490 code [0x00000216cb79b620, 0x00000216cb79b8b8]
Event: 10.442 Thread 0x00000216e16339b0 8192       3       java.util.zip.ZipEntry::setCrc (30 bytes)
Event: 10.443 Thread 0x00000216e16339b0 nmethod 8192 0x00000216cb79b990 code [0x00000216cb79bb40, 0x00000216cb79bd90]

GC Heap History (14 events):
Event: 0.421 GC heap before
{Heap before GC invocations=0 (full 0):
 garbage-first heap   total reserved 4102144K, committed 258048K, used 24576K [0x0000000705a00000, 0x0000000800000000)
  region size 2048K, 12 young (24576K), 0 survivors (0K)
 Metaspace       used 5522K, committed 5696K, reserved 1114112K
  class space    used 662K, committed 768K, reserved 1048576K
}
Event: 0.424 GC heap after
{Heap after GC invocations=1 (full 0):
 garbage-first heap   total reserved 4102144K, committed 258048K, used 3975K [0x0000000705a00000, 0x0000000800000000)
  region size 2048K, 2 young (4096K), 2 survivors (4096K)
 Metaspace       used 5522K, committed 5696K, reserved 1114112K
  class space    used 662K, committed 768K, reserved 1048576K
}
Event: 0.862 GC heap before
{Heap before GC invocations=1 (full 0):
 garbage-first heap   total reserved 4102144K, committed 258048K, used 42887K [0x0000000705a00000, 0x0000000800000000)
  region size 2048K, 21 young (43008K), 2 survivors (4096K)
 Metaspace       used 10985K, committed 11200K, reserved 1114112K
  class space    used 1350K, committed 1472K, reserved 1048576K
}
Event: 0.868 GC heap after
{Heap after GC invocations=2 (full 0):
 garbage-first heap   total reserved 4102144K, committed 258048K, used 6154K [0x0000000705a00000, 0x0000000800000000)
  region size 2048K, 2 young (4096K), 2 survivors (4096K)
 Metaspace       used 10985K, committed 11200K, reserved 1114112K
  class space    used 1350K, committed 1472K, reserved 1048576K
}
Event: 2.617 GC heap before
{Heap before GC invocations=2 (full 0):
 garbage-first heap   total reserved 4102144K, committed 258048K, used 151562K [0x0000000705a00000, 0x0000000800000000)
  region size 2048K, 72 young (147456K), 2 survivors (4096K)
 Metaspace       used 21225K, committed 21504K, reserved 1114112K
  class space    used 2530K, committed 2688K, reserved 1048576K
}
Event: 2.629 GC heap after
{Heap after GC invocations=3 (full 0):
 garbage-first heap   total reserved 4102144K, committed 258048K, used 24227K [0x0000000705a00000, 0x0000000800000000)
  region size 2048K, 9 young (18432K), 9 survivors (18432K)
 Metaspace       used 21225K, committed 21504K, reserved 1114112K
  class space    used 2530K, committed 2688K, reserved 1048576K
}
Event: 3.356 GC heap before
{Heap before GC invocations=4 (full 0):
 garbage-first heap   total reserved 4102144K, committed 90112K, used 87715K [0x0000000705a00000, 0x0000000800000000)
  region size 2048K, 40 young (81920K), 9 survivors (18432K)
 Metaspace       used 27876K, committed 28224K, reserved 1114112K
  class space    used 3279K, committed 3456K, reserved 1048576K
}
Event: 3.373 GC heap after
{Heap after GC invocations=5 (full 0):
 garbage-first heap   total reserved 4102144K, committed 124928K, used 39968K [0x0000000705a00000, 0x0000000800000000)
  region size 2048K, 9 young (18432K), 9 survivors (18432K)
 Metaspace       used 27876K, committed 28224K, reserved 1114112K
  class space    used 3279K, committed 3456K, reserved 1048576K
}
Event: 3.766 GC heap before
{Heap before GC invocations=5 (full 0):
 garbage-first heap   total reserved 4102144K, committed 124928K, used 97312K [0x0000000705a00000, 0x0000000800000000)
  region size 2048K, 36 young (73728K), 9 survivors (18432K)
 Metaspace       used 28280K, committed 28672K, reserved 1114112K
  class space    used 3319K, committed 3520K, reserved 1048576K
}
Event: 3.777 GC heap after
{Heap after GC invocations=6 (full 0):
 garbage-first heap   total reserved 4102144K, committed 129024K, used 53248K [0x0000000705a00000, 0x0000000800000000)
  region size 2048K, 5 young (10240K), 5 survivors (10240K)
 Metaspace       used 28280K, committed 28672K, reserved 1114112K
  class space    used 3319K, committed 3520K, reserved 1048576K
}
Event: 4.151 GC heap before
{Heap before GC invocations=6 (full 0):
 garbage-first heap   total reserved 4102144K, committed 129024K, used 96256K [0x0000000705a00000, 0x0000000800000000)
  region size 2048K, 26 young (53248K), 5 survivors (10240K)
 Metaspace       used 30313K, committed 30720K, reserved 1114112K
  class space    used 3517K, committed 3712K, reserved 1048576K
}
Event: 4.158 GC heap after
{Heap after GC invocations=7 (full 0):
 garbage-first heap   total reserved 4102144K, committed 129024K, used 54372K [0x0000000705a00000, 0x0000000800000000)
  region size 2048K, 3 young (6144K), 3 survivors (6144K)
 Metaspace       used 30313K, committed 30720K, reserved 1114112K
  class space    used 3517K, committed 3712K, reserved 1048576K
}
Event: 9.957 GC heap before
{Heap before GC invocations=7 (full 0):
 garbage-first heap   total reserved 4102144K, committed 129024K, used 97380K [0x0000000705a00000, 0x0000000800000000)
  region size 2048K, 25 young (51200K), 3 survivors (6144K)
 Metaspace       used 33678K, committed 34176K, reserved 1114112K
  class space    used 3989K, committed 4224K, reserved 1048576K
}
Event: 9.961 GC heap after
{Heap after GC invocations=8 (full 0):
 garbage-first heap   total reserved 4102144K, committed 155648K, used 64436K [0x0000000705a00000, 0x0000000800000000)
  region size 2048K, 4 young (8192K), 4 survivors (8192K)
 Metaspace       used 33678K, committed 34176K, reserved 1114112K
  class space    used 3989K, committed 4224K, reserved 1048576K
}

Dll operation events (8 events):
Event: 0.005 Loaded shared library C:\Program Files\Java\jdk-22\bin\java.dll
Event: 0.023 Loaded shared library C:\Program Files\Java\jdk-22\bin\jsvml.dll
Event: 0.032 Loaded shared library C:\Program Files\Java\jdk-22\bin\net.dll
Event: 0.033 Loaded shared library C:\Program Files\Java\jdk-22\bin\nio.dll
Event: 0.036 Loaded shared library C:\Program Files\Java\jdk-22\bin\zip.dll
Event: 0.114 Loaded shared library C:\Program Files\Java\jdk-22\bin\jimage.dll
Event: 0.115 Loaded shared library C:\Users\HP\.m2\wrapper\dists\apache-maven-3.9.11\03d7e36a140982eea48e22c1dcac01d8862b2550b2939e09a0809bbc5182a5bc\lib\jansi-native\Windows\x86_64\jansi.dll
Event: 0.124 Loaded shared library C:\Program Files\Java\jdk-22\bin\verify.dll

Deoptimization events (20 events):
Event: 10.316 Thread 0x00000216c228f400 Uncommon trap: trap_request=0xffffffde fr.pc=0x00000216d221838c relative=0x000000000000006c
Event: 10.316 Thread 0x00000216c228f400 Uncommon trap: reason=class_check action=maybe_recompile pc=0x00000216d221838c method=java.lang.invoke.Invokers$Holder.linkToTargetMethod(Ljava/lang/Object;Ljava/lang/Object;Ljava/lang/Object;)Ljava/lang/Object; @ 1 c2
Event: 10.316 Thread 0x00000216c228f400 DEOPT PACKING pc=0x00000216d221838c sp=0x000000a5c3afe040
Event: 10.316 Thread 0x00000216c228f400 DEOPT UNPACKING pc=0x00000216d1b646a2 sp=0x000000a5c3afdfc8 mode 2
Event: 10.328 Thread 0x00000216c228f400 Uncommon trap: trap_request=0xffffffec fr.pc=0x00000216d219e8b4 relative=0x0000000000000094
Event: 10.328 Thread 0x00000216c228f400 Uncommon trap: reason=null_assert_or_unreached0 action=make_not_entrant pc=0x00000216d219e8b4 method=java.util.jar.JarFile.maybeInstantiateVerifier()V @ 4 c2
Event: 10.328 Thread 0x00000216c228f400 DEOPT PACKING pc=0x00000216d219e8b4 sp=0x000000a5c3afde00
Event: 10.328 Thread 0x00000216c228f400 DEOPT UNPACKING pc=0x00000216d1b646a2 sp=0x000000a5c3afdd90 mode 2
Event: 10.382 Thread 0x00000216c228f400 Uncommon trap: trap_request=0xffffff45 fr.pc=0x00000216d239fe70 relative=0x0000000000000150
Event: 10.382 Thread 0x00000216c228f400 Uncommon trap: reason=unstable_if action=reinterpret pc=0x00000216d239fe70 method=java.util.Arrays.equals([B[B)Z @ 34 c2
Event: 10.382 Thread 0x00000216c228f400 DEOPT PACKING pc=0x00000216d239fe70 sp=0x000000a5c3afe010
Event: 10.382 Thread 0x00000216c228f400 DEOPT UNPACKING pc=0x00000216d1b646a2 sp=0x000000a5c3afdfd8 mode 2
Event: 10.382 Thread 0x00000216c228f400 Uncommon trap: trap_request=0xffffff45 fr.pc=0x00000216d246c10c relative=0x000000000000032c
Event: 10.382 Thread 0x00000216c228f400 Uncommon trap: reason=unstable_if action=reinterpret pc=0x00000216d246c10c method=java.util.zip.Inflater.inflate([BII)I @ 31 c2
Event: 10.382 Thread 0x00000216c228f400 DEOPT PACKING pc=0x00000216d246c10c sp=0x000000a5c3afdf50
Event: 10.382 Thread 0x00000216c228f400 DEOPT UNPACKING pc=0x00000216d1b646a2 sp=0x000000a5c3afdec0 mode 2
Event: 10.384 Thread 0x00000216c228f400 Uncommon trap: trap_request=0xffffff45 fr.pc=0x00000216d23a3d54 relative=0x0000000000000134
Event: 10.384 Thread 0x00000216c228f400 Uncommon trap: reason=unstable_if action=reinterpret pc=0x00000216d23a3d54 method=java.util.concurrent.TimeUnit.toMillis(J)J @ 18 c2
Event: 10.384 Thread 0x00000216c228f400 DEOPT PACKING pc=0x00000216d23a3d54 sp=0x000000a5c3afde70
Event: 10.384 Thread 0x00000216c228f400 DEOPT UNPACKING pc=0x00000216d1b646a2 sp=0x000000a5c3afddd8 mode 2

Classes loaded (20 events):
Event: 10.270 Loading class java/net/URLDecoder
Event: 10.270 Loading class java/net/URLDecoder done
Event: 10.271 Loading class java/util/stream/DistinctOps
Event: 10.271 Loading class java/util/stream/DistinctOps done
Event: 10.271 Loading class java/util/stream/DistinctOps$1
Event: 10.271 Loading class java/util/stream/DistinctOps$1 done
Event: 10.273 Loading class java/util/stream/DistinctOps$1$2
Event: 10.273 Loading class java/util/stream/DistinctOps$1$2 done
Event: 10.309 Loading class java/util/jar/JarInputStream
Event: 10.309 Loading class java/util/zip/ZipInputStream
Event: 10.309 Loading class java/util/zip/ZipInputStream done
Event: 10.309 Loading class java/util/jar/JarInputStream done
Event: 10.327 Loading class java/io/FileFilter
Event: 10.327 Loading class java/io/FileFilter done
Event: 10.328 Loading class java/util/zip/ZipFile$ZipEntryIterator
Event: 10.328 Loading class java/util/zip/ZipFile$ZipEntryIterator done
Event: 10.328 Loading class sun/security/util/ManifestEntryVerifier
Event: 10.328 Loading class sun/security/util/ManifestEntryVerifier done
Event: 10.349 Loading class java/io/PipedOutputStream
Event: 10.349 Loading class java/io/PipedOutputStream done

Classes unloaded (0 events):
No events

Classes redefined (0 events):
No events

Internal exceptions (20 events):
Event: 3.879 Thread 0x00000216c228f400 Exception <a 'sun/nio/fs/WindowsException'{0x000000070b8a4f70}> (0x000000070b8a4f70) 
thrown [s\open\src\hotspot\share\prims\jni.cpp, line 520]
Event: 3.879 Thread 0x00000216c228f400 Exception <a 'sun/nio/fs/WindowsException'{0x000000070b8c2a48}> (0x000000070b8c2a48) 
thrown [s\open\src\hotspot\share\prims\jni.cpp, line 520]
Event: 3.880 Thread 0x00000216c228f400 Exception <a 'sun/nio/fs/WindowsException'{0x000000070b8c7508}> (0x000000070b8c7508) 
thrown [s\open\src\hotspot\share\prims\jni.cpp, line 520]
Event: 3.880 Thread 0x00000216c228f400 Exception <a 'sun/nio/fs/WindowsException'{0x000000070b8c7e20}> (0x000000070b8c7e20) 
thrown [s\open\src\hotspot\share\prims\jni.cpp, line 520]
Event: 3.880 Thread 0x00000216c228f400 Exception <a 'sun/nio/fs/WindowsException'{0x000000070b8d61e8}> (0x000000070b8d61e8) 
thrown [s\open\src\hotspot\share\prims\jni.cpp, line 520]
Event: 3.880 Thread 0x00000216c228f400 Exception <a 'sun/nio/fs/WindowsException'{0x000000070b901940}> (0x000000070b901940) 
thrown [s\open\src\hotspot\share\prims\jni.cpp, line 520]
Event: 3.882 Thread 0x00000216c228f400 Exception <a 'sun/nio/fs/WindowsException'{0x000000070b9f1378}> (0x000000070b9f1378) 
thrown [s\open\src\hotspot\share\prims\jni.cpp, line 520]
Event: 3.882 Thread 0x00000216c228f400 Exception <a 'sun/nio/fs/WindowsException'{0x000000070b9f1a50}> (0x000000070b9f1a50) 
thrown [s\open\src\hotspot\share\prims\jni.cpp, line 520]
Event: 3.882 Thread 0x00000216c228f400 Exception <a 'sun/nio/fs/WindowsException'{0x000000070b9f2020}> (0x000000070b9f2020) 
thrown [s\open\src\hotspot\share\prims\jni.cpp, line 520]
Event: 3.882 Thread 0x00000216c228f400 Exception <a 'sun/nio/fs/WindowsException'{0x000000070b9f26d8}> (0x000000070b9f26d8) 
thrown [s\open\src\hotspot\share\prims\jni.cpp, line 520]
Event: 4.039 Thread 0x00000217298f2a10 Exception <a 'java/lang/NoSuchMethodError'{0x000000070a352a88}: 'java.lang.Object java.lang.invoke.DirectMethodHandle$Holder.invokeStatic(java.lang.Object, long, java.lang.Object)'> (0x000000070a352a88) 
thrown [s\open\src\hotspot\share\interpreter\linkResolver.cpp, line 774]
Event: 4.040 Thread 0x00000217298f2a10 Exception <a 'java/lang/NoSuchMethodError'{0x000000070a355e60}: 'java.lang.Object java.lang.invoke.DirectMethodHandle$Holder.invokeStaticInit(java.lang.Object, long, java.lang.Object)'> (0x000000070a355e60) 
thrown [s\open\src\hotspot\share\interpreter\linkResolver.cpp, line 774]
Event: 4.040 Thread 0x00000217298f2a10 Exception <a 'java/lang/NoSuchMethodError'{0x000000070a35b320}: 'java.lang.Object java.lang.invoke.DirectMethodHandle$Holder.newInvokeSpecial(java.lang.Object, long)'> (0x000000070a35b320) 
thrown [s\open\src\hotspot\share\interpreter\linkResolver.cpp, line 774]
Event: 4.041 Thread 0x00000217298f2a10 Exception <a 'java/lang/NoSuchMethodError'{0x000000070a35fbd8}: 'long java.lang.invoke.DirectMethodHandle$Holder.invokeInterface(java.lang.Object, java.lang.Object)'> (0x000000070a35fbd8) 
thrown [s\open\src\hotspot\share\interpreter\linkResolver.cpp, line 774]
Event: 4.042 Thread 0x00000217298f2a10 Exception <a 'java/lang/NoSuchMethodError'{0x000000070a3630c0}: 'long java.lang.invoke.DelegatingMethodHandle$Holder.reinvoke_L(java.lang.Object, java.lang.Object)'> (0x000000070a3630c0) 
thrown [s\open\src\hotspot\share\interpreter\linkResolver.cpp, line 774]
Event: 4.074 Thread 0x00000216c228f400 Exception <a 'java/lang/NoSuchMethodError'{0x000000070a1552e0}: 'java.lang.Object java.lang.invoke.DirectMethodHandle$Holder.invokeStaticInit(java.lang.Object, java.lang.Object, int, int, int, int)'> (0x000000070a1552e0) 
thrown [s\open\src\hotspot\share\interpreter\linkResolver.cpp, line 774]
Event: 4.227 Thread 0x00000216c228f400 Exception <a 'java/lang/NoSuchMethodError'{0x000000070c567360}: 'void java.lang.invoke.DirectMethodHandle$Holder.invokeStatic(java.lang.Object, long)'> (0x000000070c567360) 
thrown [s\open\src\hotspot\share\interpreter\linkResolver.cpp, line 774]
Event: 9.514 Thread 0x000002172a646080 Implicit null exception at 0x00000216d24b4487 to 0x00000216d24b4b60
Event: 9.514 Thread 0x000002172a646080 Implicit null exception at 0x00000216d246ac2f to 0x00000216d246afa0
Event: 9.622 Thread 0x00000216c228f400 Exception <a 'sun/nio/fs/WindowsException'{0x000000070bea1398}> (0x000000070bea1398) 
thrown [s\open\src\hotspot\share\prims\jni.cpp, line 520]

ZGC Phase Switch (0 events):
No events

VM Operations (20 events):
Event: 4.191 Executing VM operation: HandshakeAllThreads (Deoptimize)
Event: 4.191 Executing VM operation: HandshakeAllThreads (Deoptimize) done
Event: 4.228 Executing VM operation: HandshakeAllThreads (Deoptimize)
Event: 4.228 Executing VM operation: HandshakeAllThreads (Deoptimize) done
Event: 5.232 Executing VM operation: Cleanup
Event: 5.232 Executing VM operation: Cleanup done
Event: 6.248 Executing VM operation: Cleanup
Event: 6.248 Executing VM operation: Cleanup done
Event: 7.248 Executing VM operation: Cleanup
Event: 7.248 Executing VM operation: Cleanup done
Event: 9.265 Executing VM operation: Cleanup
Event: 9.265 Executing VM operation: Cleanup done
Event: 9.818 Executing VM operation: HandshakeAllThreads (Deoptimize)
Event: 9.819 Executing VM operation: HandshakeAllThreads (Deoptimize) done
Event: 9.957 Executing VM operation: G1CollectForAllocation (G1 Evacuation Pause)
Event: 9.961 Executing VM operation: G1CollectForAllocation (G1 Evacuation Pause) done
Event: 10.272 Executing VM operation: HandshakeAllThreads (Deoptimize)
Event: 10.272 Executing VM operation: HandshakeAllThreads (Deoptimize) done
Event: 10.273 Executing VM operation: HandshakeAllThreads (Deoptimize)
Event: 10.273 Executing VM operation: HandshakeAllThreads (Deoptimize) done

Memory protections (0 events):
No events

Nmethod flushes (0 events):
No events

Events (20 events):
Event: 9.957 Thread 0x00000216c228f400 Thread added: 0x0000021728f93180
Event: 9.961 Thread 0x00000216c228f400 Thread added: 0x0000021728f93ea0
Event: 9.961 Thread 0x00000216c228f400 Thread added: 0x0000021728f92460
Event: 9.961 Thread 0x00000216c228f400 Thread added: 0x0000021727e06de0
Event: 9.961 Thread 0x00000216c228f400 Thread added: 0x0000021727e060c0
Event: 9.962 Thread 0x00000216c228f400 Thread added: 0x0000021727e08820
Event: 9.962 Thread 0x00000216c228f400 Thread added: 0x0000021727e09540
Event: 9.962 Thread 0x00000216c228f400 Thread added: 0x0000021727e09bd0
Event: 9.977 Thread 0x0000021727e06de0 Thread exited: 0x0000021727e06de0
Event: 9.977 Thread 0x0000021727e09540 Thread exited: 0x0000021727e09540
Event: 9.978 Thread 0x0000021727e09bd0 Thread exited: 0x0000021727e09bd0
Event: 9.978 Thread 0x0000021728f92460 Thread exited: 0x0000021728f92460
Event: 9.978 Thread 0x0000021728f94bc0 Thread exited: 0x0000021728f94bc0
Event: 9.978 Thread 0x0000021727e060c0 Thread exited: 0x0000021727e060c0
Event: 9.978 Thread 0x0000021728f93180 Thread exited: 0x0000021728f93180
Event: 9.978 Thread 0x0000021728f93810 Thread exited: 0x0000021728f93810
Event: 9.978 Thread 0x0000021728f92af0 Thread exited: 0x0000021728f92af0
Event: 9.978 Thread 0x0000021727e08820 Thread exited: 0x0000021727e08820
Event: 9.978 Thread 0x0000021728f93ea0 Thread exited: 0x0000021728f93ea0
Event: 9.978 Thread 0x0000021728f95250 Thread exited: 0x0000021728f95250


Dynamic libraries:
0x00007ff61c1f0000 - 0x00007ff61c200000 	C:\Program Files\Java\jdk-22\bin\java.exe
0x00007ff9447f0000 - 0x00007ff944a08000 	C:\Windows\SYSTEM32\ntdll.dll
0x00007ff942ff0000 - 0x00007ff9430b4000 	C:\Windows\System32\KERNEL32.DLL
0x00007ff941b60000 - 0x00007ff941f33000 	C:\Windows\System32\KERNELBASE.dll
0x00007ff942370000 - 0x00007ff942481000 	C:\Windows\System32\ucrtbase.dll
0x00007ff93b030000 - 0x00007ff93b04b000 	C:\Program Files\Java\jdk-22\bin\VCRUNTIME140.dll
0x00007ff92d4f0000 - 0x00007ff92d507000 	C:\Program Files\Java\jdk-22\bin\jli.dll
0x00007ff943370000 - 0x00007ff943522000 	C:\Windows\System32\USER32.dll
0x00007ff9420b0000 - 0x00007ff9420d6000 	C:\Windows\System32\win32u.dll
0x00007ff940e30000 - 0x00007ff9410cc000 	C:\Windows\WinSxS\amd64_microsoft.windows.common-controls_6595b64144ccf1df_6.0.22621.6060_none_2712eda17382d24b\COMCTL32.dll
0x00007ff942880000 - 0x00007ff9428a9000 	C:\Windows\System32\GDI32.dll
0x00007ff944570000 - 0x00007ff944617000 	C:\Windows\System32\msvcrt.dll
0x00007ff9419b0000 - 0x00007ff941ad3000 	C:\Windows\System32\gdi32full.dll
0x00007ff9420e0000 - 0x00007ff94217a000 	C:\Windows\System32\msvcp_win.dll
0x00007ff9428b0000 - 0x00007ff9428e1000 	C:\Windows\System32\IMM32.DLL
0x00007ff93b760000 - 0x00007ff93b76c000 	C:\Program Files\Java\jdk-22\bin\vcruntime140_1.dll
0x00007ff92c8f0000 - 0x00007ff92c97e000 	C:\Program Files\Java\jdk-22\bin\msvcp140.dll
0x00007ff8932e0000 - 0x00007ff894029000 	C:\Program Files\Java\jdk-22\bin\server\jvm.dll
0x00007ff943530000 - 0x00007ff9435e1000 	C:\Windows\System32\ADVAPI32.dll
0x00007ff942b90000 - 0x00007ff942c38000 	C:\Windows\System32\sechost.dll
0x00007ff942340000 - 0x00007ff942368000 	C:\Windows\System32\bcrypt.dll
0x00007ff942590000 - 0x00007ff9426a8000 	C:\Windows\System32\RPCRT4.dll
0x00007ff944730000 - 0x00007ff9447a1000 	C:\Windows\System32\WS2_32.dll
0x00007ff941200000 - 0x00007ff94124d000 	C:\Windows\SYSTEM32\POWRPROF.dll
0x00007ff93b470000 - 0x00007ff93b4a4000 	C:\Windows\SYSTEM32\WINMM.dll
0x00007ff940200000 - 0x00007ff94020a000 	C:\Windows\SYSTEM32\VERSION.dll
0x00007ff9410d0000 - 0x00007ff9410e3000 	C:\Windows\SYSTEM32\UMPDC.dll
0x00007ff93f9b0000 - 0x00007ff93f9c8000 	C:\Windows\SYSTEM32\kernel.appcore.dll
0x00007ff93a670000 - 0x00007ff93a67a000 	C:\Program Files\Java\jdk-22\bin\jimage.dll
0x00007ff941250000 - 0x00007ff941483000 	C:\Windows\SYSTEM32\DBGHELP.DLL
0x00007ff942c40000 - 0x00007ff942fd2000 	C:\Windows\System32\combase.dll
0x00007ff943760000 - 0x00007ff943838000 	C:\Windows\System32\OLEAUT32.dll
0x00007ff9410f0000 - 0x00007ff941122000 	C:\Windows\SYSTEM32\dbgcore.DLL
0x00007ff942180000 - 0x00007ff9421fb000 	C:\Windows\System32\bcryptPrimitives.dll
0x00007ff92d430000 - 0x00007ff92d44e000 	C:\Program Files\Java\jdk-22\bin\java.dll
0x00007ff943840000 - 0x00007ff9440de000 	C:\Windows\System32\SHELL32.dll
0x00007ff942200000 - 0x00007ff94233f000 	C:\Windows\System32\wintypes.dll
0x00007ff9431d0000 - 0x00007ff943370000 	C:\Windows\System32\ole32.dll
0x00007ff93e850000 - 0x00007ff93f168000 	C:\Windows\SYSTEM32\windows.storage.dll
0x00007ff9430c0000 - 0x00007ff9431c4000 	C:\Windows\System32\SHCORE.dll
0x00007ff9435f0000 - 0x00007ff943659000 	C:\Windows\System32\shlwapi.dll
0x00007ff941820000 - 0x00007ff941845000 	C:\Windows\SYSTEM32\profapi.dll
0x00007ff908b70000 - 0x00007ff908c47000 	C:\Program Files\Java\jdk-22\bin\jsvml.dll
0x00007ff92f710000 - 0x00007ff92f720000 	C:\Program Files\Java\jdk-22\bin\net.dll
0x00007ff93fdf0000 - 0x00007ff93fe59000 	C:\Windows\system32\mswsock.dll
0x00007ff92d3b0000 - 0x00007ff92d3c6000 	C:\Program Files\Java\jdk-22\bin\nio.dll
0x00007ff92d390000 - 0x00007ff92d3a7000 	C:\Program Files\Java\jdk-22\bin\zip.dll
0x00007ff92ce40000 - 0x00007ff92ce64000 	C:\Users\HP\.m2\wrapper\dists\apache-maven-3.9.11\03d7e36a140982eea48e22c1dcac01d8862b2550b2939e09a0809bbc5182a5bc\lib\jansi-native\Windows\x86_64\jansi.dll
0x00007ff92ed90000 - 0x00007ff92eda0000 	C:\Program Files\Java\jdk-22\bin\verify.dll
0x00007ff9411c0000 - 0x00007ff9411f4000 	C:\Windows\SYSTEM32\ntmarta.dll
0x00007ff941590000 - 0x00007ff9415ab000 	C:\Windows\SYSTEM32\CRYPTSP.dll
0x00007ff93f910000 - 0x00007ff93f947000 	C:\Windows\system32\rsaenh.dll
0x00007ff93fe90000 - 0x00007ff93feb8000 	C:\Windows\SYSTEM32\USERENV.dll
0x00007ff940120000 - 0x00007ff94012c000 	C:\Windows\SYSTEM32\CRYPTBASE.dll
0x00007ff93f3d0000 - 0x00007ff93f3fd000 	C:\Windows\SYSTEM32\IPHLPAPI.DLL
0x00007ff942fe0000 - 0x00007ff942fe9000 	C:\Windows\System32\NSI.dll

dbghelp: loaded successfully - version: 4.0.5 - missing functions: none
symbol engine: initialized successfully - sym options: 0x614 - pdb path: .;C:\Program Files\Java\jdk-22\bin;C:\Windows\SYSTEM32;C:\Windows\WinSxS\amd64_microsoft.windows.common-controls_6595b64144ccf1df_6.0.22621.6060_none_2712eda17382d24b;C:\Program Files\Java\jdk-22\bin\server;C:\Users\HP\.m2\wrapper\dists\apache-maven-3.9.11\03d7e36a140982eea48e22c1dcac01d8862b2550b2939e09a0809bbc5182a5bc\lib\jansi-native\Windows\x86_64

VM Arguments:
jvm_args: --enable-native-access=ALL-UNNAMED -Dclassworlds.conf=C:\Users\HP\.m2\wrapper\dists\apache-maven-3.9.11\03d7e36a140982eea48e22c1dcac01d8862b2550b2939e09a0809bbc5182a5bc\bin\m2.conf -Dmaven.home=C:\Users\HP\.m2\wrapper\dists\apache-maven-3.9.11\03d7e36a140982eea48e22c1dcac01d8862b2550b2939e09a0809bbc5182a5bc -Dlibrary.jansi.path=C:\Users\HP\.m2\wrapper\dists\apache-maven-3.9.11\03d7e36a140982eea48e22c1dcac01d8862b2550b2939e09a0809bbc5182a5bc\lib\jansi-native -Dmaven.multiModuleProjectDirectory=E:\Pawpal\backend 
java_command: org.codehaus.plexus.classworlds.launcher.Launcher clean install
java_class_path (initial): C:\Users\HP\.m2\wrapper\dists\apache-maven-3.9.11\03d7e36a140982eea48e22c1dcac01d8862b2550b2939e09a0809bbc5182a5bc\boot\plexus-classworlds-2.9.0.jar
Launcher Type: SUN_STANDARD

[Global flags]
     intx CICompilerCount                          = 4                                         {product} {ergonomic}
     uint ConcGCThreads                            = 3                                         {product} {ergonomic}
     uint G1ConcRefinementThreads                  = 10                                        {product} {ergonomic}
   size_t G1HeapRegionSize                         = 2097152                                   {product} {ergonomic}
   size_t InitialHeapSize                          = 264241152                                 {product} {ergonomic}
   size_t MarkStackSize                            = 4194304                                   {product} {ergonomic}
   size_t MaxHeapSize                              = 4200595456                                {product} {ergonomic}
   size_t MaxNewSize                               = 2518679552                                {product} {ergonomic}
   size_t MinHeapDeltaBytes                        = 2097152                                   {product} {ergonomic}
   size_t MinHeapSize                              = 8388608                                   {product} {ergonomic}
    uintx NonNMethodCodeHeapSize                   = 5839372                                {pd product} {ergonomic}
    uintx NonProfiledCodeHeapSize                  = 122909434                              {pd product} {ergonomic}
    uintx ProfiledCodeHeapSize                     = 122909434                              {pd product} {ergonomic}
    uintx ReservedCodeCacheSize                    = 251658240                              {pd product} {ergonomic}
     bool SegmentedCodeCache                       = true                                      {product} {ergonomic}
   size_t SoftMaxHeapSize                          = 4200595456                             {manageable} {ergonomic}
     bool UseCompressedOops                        = true                           {product lp64_product} {ergonomic}
     bool UseG1GC                                  = true                                      {product} {ergonomic}
     bool UseLargePagesIndividualAllocation        = false                                  {pd product} {ergonomic}

Logging:
Log output configuration:
 #0: stdout all=warning uptime,level,tags foldmultilines=false
 #1: stderr all=off uptime,level,tags foldmultilines=false

Environment Variables:
PATH=C:\Users\HP\AppData\Local\Programs\Python\Python313\Scripts\;C:\Users\HP\AppData\Local\Programs\Python\Python313\;C:\Program Files\Common Files\Oracle\Java\javapath;C:\Program Files (x86)\Common Files\Oracle\Java\java8path;C:\Program Files (x86)\Common Files\Oracle\Java\javapath;C:\Program Files (x86)\VMware\VMware Player\bin\;C:\Windows\system32;C:\Windows;C:\Windows\System32\Wbem;C:\Windows\System32\WindowsPowerShell\v1.0\;C:\Windows\System32\OpenSSH\;C:\Program Files (x86)\NVIDIA Corporation\PhysX\Common;C:\MinGW\bin;C:\SDL\SDL2-devel-2.30.2-VC (1)\SDL2-2.30.2\lib\x64;C:\flutterdev\flutter\bin;C:\Program Files\PostgreSQL\17\bin\;C:\Program Files\nodejs\;C:\ProgramData\chocolatey\bin;C:\Users\HP\AppData\Local\Pub\Cache\bin;C:\Program Files\Git\cmd;C:\Users\HP\AppData\Local\Programs\Python\Launcher\;C:\Program Files\MySQL\MySQL Shell 8.0\bin\;C:\Users\HP\AppData\Local\Microsoft\WindowsApps;C:\Users\HP\AppData\Local\Programs\Microsoft VS Code\bin;C:\dev\flutter\bin;C:\Users\HP\AppData\Local\Programs\cursor\resources\app\bin;C:\Program Files\JetBrains\IntelliJ IDEA Community Edition 2025.1.1.1\bin;;C:\Users\HP\AppData\Roaming\npm
USERNAME=HP
LANG=en_US.UTF-8
OS=Windows_NT
PROCESSOR_IDENTIFIER=Intel64 Family 6 Model 154 Stepping 4, GenuineIntel
TMP=C:\Users\HP\AppData\Local\Temp
TEMP=C:\Users\HP\AppData\Local\Temp




Periodic native trim disabled

---------------  S Y S T E M  ---------------

OS:
 Windows 11 , 64 bit Build 22621 (10.0.22621.5415)
OS uptime: 0 days 16:53 hours
Hyper-V role detected

CPU: total 12 (initial active 12) (6 cores per cpu, 2 threads per core) family 6 model 154 stepping 4 microcode 0x437, cx8, cmov, fxsr, ht, mmx, 3dnowpref, sse, sse2, sse3, ssse3, sse4.1, sse4.2, popcnt, lzcnt, tsc, tscinvbit, avx, avx2, aes, erms, clmul, bmi1, bmi2, adx, sha, fma, vzeroupper, clflush, clflushopt, clwb, hv, serialize, rdtscp, rdpid, fsrm, f16c, cet_ibt, cet_ss
Processor Information for processor 0
  Max Mhz: 1700, Current Mhz: 1700, Mhz Limit: 1700
Processor Information for processor 1
  Max Mhz: 1700, Current Mhz: 1700, Mhz Limit: 1700
Processor Information for processor 2
  Max Mhz: 1700, Current Mhz: 1700, Mhz Limit: 1700
Processor Information for processor 3
  Max Mhz: 1700, Current Mhz: 1700, Mhz Limit: 1700
Processor Information for processor 4
  Max Mhz: 1700, Current Mhz: 1700, Mhz Limit: 1700
Processor Information for processor 5
  Max Mhz: 1700, Current Mhz: 1700, Mhz Limit: 1700
Processor Information for processor 6
  Max Mhz: 1700, Current Mhz: 1558, Mhz Limit: 1700
Processor Information for processor 7
  Max Mhz: 1700, Current Mhz: 1558, Mhz Limit: 1700
Processor Information for processor 8
  Max Mhz: 1700, Current Mhz: 1558, Mhz Limit: 1700
Processor Information for processor 9
  Max Mhz: 1700, Current Mhz: 1700, Mhz Limit: 1700
Processor Information for processor 10
  Max Mhz: 1700, Current Mhz: 1700, Mhz Limit: 1700
Processor Information for processor 11
  Max Mhz: 1700, Current Mhz: 1700, Mhz Limit: 1700

Memory: 4k page, system-wide physical 16016M (7919M free)
TotalPageFile size 18448M (AvailPageFile size 7179M)
current process WorkingSet (physical memory assigned to process): 339M, peak: 347M
current process commit charge ("private bytes"): 380M, peak: 411M

vm_info: Java HotSpot(TM) 64-Bit Server VM (22.0.2+9-70) for windows-amd64 JRE (22.0.2+9-70), built on 2024-06-04T16:52:23Z by "mach5one" with MS VC++ 17.6 (VS2022)

END.
